// Jest Snapshot v1, https://goo.gl/fbAQLP

exports[`renders Sound Recorder title 1`] = `
Array [
  <header>
    <h1>
      Web Dictaphone
    </h1>
  </header>,
  <main>
    <p
      className="loading-phrase"
    >
      Loadingâ€¦
    </p>
  </main>,
]
`;
